C51 COMPILER V9.60.0.0   SWITCH_LED                                                        06/12/2022 17:37:15 PAGE 1   


C51 COMPILER V9.60.0.0, COMPILATION OF MODULE SWITCH_LED
OBJECT MODULE PLACED IN .\Objects\Switch_led.obj
COMPILER INVOKED BY: F:\Embedded C 8051\C51\BIN\C51.EXE Switch_led\Switch_led.c OPTIMIZE(8,SPEED) BROWSE DEBUG OBJECTEXT
                    -END PRINT(.\Listings\Switch_led.lst) TABS(2) OBJECT(.\Objects\Switch_led.obj)

line level    source

   1          #include<reg51.h>
   2          sbit port=P2^0;
   3          sbit swt=P2^1;
   4          void delay(unsigned int x)
   5          {
   6   1        unsigned int i;
   7   1        while(i<x)
   8   1        {
   9   2          i=0;
  10   2          i++;
  11   2        }
  12   1        
  13   1      }
  14          void main()
  15          {
  16   1        while(1)
  17   1        {
  18   2          if(swt==1)
  19   2          {
  20   3            port=1;
  21   3            delay(1000);
  22   3            port=0;
  23   3          }
  24   2          else
  25   2            port=0;
  26   2        }
  27   1        delay(1000);
  28   1      } 
*** WARNING C294 IN LINE 27 OF Switch_led\Switch_led.c: unreachable code


MODULE INFORMATION:   STATIC OVERLAYABLE
   CODE SIZE        =     38    ----
   CONSTANT SIZE    =   ----    ----
   XDATA SIZE       =   ----    ----
   PDATA SIZE       =   ----    ----
   DATA SIZE        =   ----    ----
   IDATA SIZE       =   ----    ----
   BIT SIZE         =   ----    ----
END OF MODULE INFORMATION.


C51 COMPILATION COMPLETE.  1 WARNING(S),  0 ERROR(S)
